---
source: tui/src/chatwidget/tests.rs
expression: popup
---
  Select Authentication for Anthropic

› 1. API Key: sk-ant-*******def (stored)  Use this credential
  2. Enter new API Key                    Paste or type a new API key
  3. Sign in with Claude (OAuth)          Opens your browser for code-paste
                                          sign-in

  Press enter to confirm or esc to go back
