---
source: tui/src/chatwidget/tests.rs
expression: popup
---
  Select Authentication for Anthropic

› 1. API Key: sk-ant-*******def (active) (current)  Use current credential
  2. API Key (via ANTHROPIC_API_KEY)                Use environment variable
  3. Enter new API Key                              Run: just codex login
                                                    --provider anthropic
  4. OAuth Login                                    Sign in with your
                                                    Anthropic account

  Press enter to confirm or esc to go back
