---
source: tui/src/chatwidget/tests.rs
expression: popup
---
  Authentication Status
  Select a provider to manage credentials.

› 1. Manage OpenAI     not configured
  2. Manage Anthropic  API Key: sk-ant-*******def (active)  |  OAuth (Anthropic) (stored)

  Press enter to confirm or esc to go back
