---
source: tui/src/chatwidget/tests.rs
expression: popup
---
  Manage Anthropic Authentication

› 1. API Key: sk-ant-*******def (active) (current)  Currently in use
  2. OAuth (Anthropic) (stored)                     Switch to this credential
  3. Enter new API Key                              Paste or type a new API key
  4. Sign in with Claude (OAuth)                    Opens your browser for code-paste sign-in
  5. Remove credentials                             Delete all stored Anthropic credentials

  Press enter to confirm or esc to go back
